schema {
  query: Query
  mutation: Mutation
}

"The node interface is implemented by entities that have a global unique identifier."
interface Node {
  id: ID!
}

type Attendee implements Node {
  id: ID!
  sessions: [Session]
  firstName: String!
  lastName: String!
  userName: String!
  emailAddress: String
}

"A connection to a list of items."
type AttendeeConnection {
  "Information to aid in pagination."
  pageInfo: PageInfo!
  "A list of edges."
  edges: [AttendeeEdge!]
  "A flattened list of the nodes."
  nodes: [Attendee!]
}

"An edge in a connection."
type AttendeeEdge {
  "A cursor for use in pagination."
  cursor: String!
  "The item at the end of the edge."
  node: Attendee!
}

type AttendeeQuery {
  attendees(first: Int after: String last: Int before: String): AttendeeConnection
  attendeeById(id: ID!): Attendee!
  attendeesById(ids: [ID!]!): [Attendee!]!
}

type CheckInAttendeePayload {
  session: Session
  attendee: Attendee
  errors: [UserError!]
}

type Mutation {
  registerAttendee(input: RegisterAttendeeInput!): RegisterAttendeePayload!
  checkInAttendee(input: CheckInAttendeeInput!): CheckInAttendeePayload!
}

"Information about pagination in a connection."
type PageInfo {
  "Indicates whether more edges exist following the set defined by the clients arguments."
  hasNextPage: Boolean!
  "Indicates whether more edges exist prior the set defined by the clients arguments."
  hasPreviousPage: Boolean!
  "When paginating backwards, the cursor to continue."
  startCursor: String
  "When paginating forwards, the cursor to continue."
  endCursor: String
}

type Query {
  node(id: ID!): Node
}

type RegisterAttendeePayload {
  attendee: Attendee
  errors: [UserError!]
}

type Session implements Node {
  id: ID!
  speakers: [Speaker]
  attendees: [Speaker]
  trackId: ID
  title: String!
  abstract: String
  startTime: DateTime
  endTime: DateTime
  duration: TimeSpan!
  track: Track
}

"A connection to a list of items."
type SessionConnection {
  "Information to aid in pagination."
  pageInfo: PageInfo!
  "A list of edges."
  edges: [SessionEdge!]
  "A flattened list of the nodes."
  nodes: [Session!]
}

"An edge in a connection."
type SessionEdge {
  "A cursor for use in pagination."
  cursor: String!
  "The item at the end of the edge."
  node: Session!
}

type Speaker implements Node {
  id: ID!
  sessions: [Session]
  name: String!
  bio: String
  website: String
}

type Track implements Node {
  id: ID!
  sessions(first: Int after: String last: Int before: String): SessionConnection
  name: String!
}

type UserError {
  message: String!
  code: String!
}

input CheckInAttendeeInput {
  sessionId: ID!
  attendeeId: ID!
}

input RegisterAttendeeInput {
  firstName: String!
  lastName: String!
  userName: String!
  emailAddress: String!
}

"The `@defer` directive may be provided for fragment spreads and inline fragments to inform the executor to delay the execution of the current fragment to indicate deprioritization of the current fragment. A query with `@defer` directive will cause the request to potentially return multiple responses, where non-deferred data is delivered in the initial response and data deferred is delivered in a subsequent response. `@include` and `@skip` take precedence over `@defer`."
directive @defer("If this argument label has a value other than null, it will be passed on to the result of this defer directive. This label is intended to give client applications a way to identify to which fragment a deferred result belongs to." label: String "Deferred when true." if: Boolean) on FRAGMENT_SPREAD | INLINE_FRAGMENT

"The `@specifiedBy` directive is used within the type system definition language to provide a URL for specifying the behavior of custom scalar definitions."
directive @specifiedBy("The specifiedBy URL points to a human-readable specification. This field will only read a result for scalar types." url: String!) on SCALAR

"The `@stream` directive may be provided for a field of `List` type so that the backend can leverage technology such as asynchronous iterators to provide a partial list in the initial response, and additional list items in subsequent responses. `@include` and `@skip` take precedence over `@stream`."
directive @stream("If this argument label has a value other than null, it will be passed on to the result of this stream directive. This label is intended to give client applications a way to identify to which fragment a streamed result belongs to." label: String "The initial elements that shall be send down to the consumer." initialCount: Int! "Streamed when true." if: Boolean!) on FIELD

"The `DateTime` scalar represents an ISO-8601 compliant date time type."
scalar DateTime @specifiedBy(url: "https:\/\/www.graphql-scalars.com\/date-time")

"The `TimeSpan` scalar represents an ISO-8601 compliant duration type."
scalar TimeSpan
